vite v5.4.21 building for production...
transforming...
✓ 1352 modules transformed.
rendering chunks...
computing gzip size...
dist/index.html                                2.74 kB │ gzip:   1.19 kB
dist/assets/index-DigxMfdO.css               104.29 kB │ gzip:  12.65 kB
dist/assets/DocAnalyzer-smzZUQls.js            6.56 kB │ gzip:   2.17 kB │ map:     9.73 kB
dist/assets/Export-OXj1b3WT.js                 9.73 kB │ gzip:   2.98 kB │ map:    16.36 kB
dist/assets/Simulator-UdT5G696.js              9.98 kB │ gzip:   3.05 kB │ map:    14.65 kB
dist/assets/BowlingChart-L-fLwto4.js          13.55 kB │ gzip:   3.54 kB │ map:    21.27 kB
dist/assets/ModuloIniciativas-DIkGTZCC.js     21.19 kB │ gzip:   4.20 kB │ map:    27.05 kB
dist/assets/ModuloKPIs-DNXjT1wS.js            29.84 kB │ gzip:   6.33 kB │ map:    42.15 kB
dist/assets/StrategyMap-CaduEHyV.js           29.85 kB │ gzip:   5.85 kB │ map:    45.09 kB
dist/assets/RadarStrategic-58cBGqmR.js        31.05 kB │ gzip:   7.42 kB │ map:    53.32 kB
dist/assets/purify.es-Dawv1_O2.js             45.77 kB │ gzip:  11.59 kB │ map:    92.85 kB
dist/assets/ModuloOKRs-BCbTHokb.js            52.19 kB │ gzip:  10.93 kB │ map:    78.19 kB
dist/assets/index.es-C_xiYQ9n.js             316.60 kB │ gzip:  71.92 kB │ map:   637.60 kB
dist/assets/html2canvas.esm-Dtsxr8dG.js      349.33 kB │ gzip:  63.95 kB │ map:   601.93 kB
dist/assets/PowerPoint-CVc5wDJD.js           561.20 kB │ gzip: 143.97 kB │ map:   987.71 kB
dist/assets/index-DY1FeMU7.js              3,670.46 kB │ gzip: 769.49 kB │ map: 7,216.69 kB
✓ built in 17.04s
